Simulator report for TrafficLight
Tue Sep 08 19:58:38 2020
Quartus II Version 9.0 Build 132 02/25/2009 SJ Full Version


---------------------
; Table of Contents ;
---------------------
  1. Legal Notice
  2. Simulator Summary
  3. Simulator Settings
  4. Simulation Waveforms
  5. Coverage Summary
  6. Complete 1/0-Value Coverage
  7. Missing 1-Value Coverage
  8. Missing 0-Value Coverage
  9. Simulator INI Usage
 10. Simulator Messages



----------------
; Legal Notice ;
----------------
Copyright (C) 1991-2009 Altera Corporation
Your use of Altera Corporation's design tools, logic functions 
and other software and tools, and its AMPP partner logic 
functions, and any output files from any of the foregoing 
(including device programming or simulation files), and any 
associated documentation or information are expressly subject 
to the terms and conditions of the Altera Program License 
Subscription Agreement, Altera MegaCore Function License 
Agreement, or other applicable license agreement, including, 
without limitation, that your use is for the sole purpose of 
programming logic devices manufactured by Altera and sold by 
Altera or its authorized distributors.  Please refer to the 
applicable agreement for further details.



+--------------------------------------------+
; Simulator Summary                          ;
+-----------------------------+--------------+
; Type                        ; Value        ;
+-----------------------------+--------------+
; Simulation Start Time       ; 0 ps         ;
; Simulation End Time         ; 1.0 ms       ;
; Simulation Netlist Size     ; 199 nodes    ;
; Simulation Coverage         ;      86.87 % ;
; Total Number of Transitions ; 1289998      ;
; Simulation Breakpoints      ; 0            ;
; Family                      ; Cyclone      ;
+-----------------------------+--------------+


+-------------------------------------------------------------------------------------------------------------------------+
; Simulator Settings                                                                                                      ;
+--------------------------------------------------------------------------------------------+------------+---------------+
; Option                                                                                     ; Setting    ; Default Value ;
+--------------------------------------------------------------------------------------------+------------+---------------+
; Simulation mode                                                                            ; Functional ; Timing        ;
; Start time                                                                                 ; 0 ns       ; 0 ns          ;
; Simulation results format                                                                  ; CVWF       ;               ;
; Add pins automatically to simulation output waveforms                                      ; On         ; On            ;
; Check outputs                                                                              ; Off        ; Off           ;
; Report simulation coverage                                                                 ; On         ; On            ;
; Display complete 1/0 value coverage report                                                 ; On         ; On            ;
; Display missing 1-value coverage report                                                    ; On         ; On            ;
; Display missing 0-value coverage report                                                    ; On         ; On            ;
; Detect setup and hold time violations                                                      ; Off        ; Off           ;
; Detect glitches                                                                            ; Off        ; Off           ;
; Disable timing delays in Timing Simulation                                                 ; Off        ; Off           ;
; Generate Signal Activity File                                                              ; Off        ; Off           ;
; Generate VCD File for PowerPlay Power Analyzer                                             ; Off        ; Off           ;
; Group bus channels in simulation results                                                   ; Off        ; Off           ;
; Preserve fewer signal transitions to reduce memory requirements                            ; On         ; On            ;
; Trigger vector comparison with the specified mode                                          ; INPUT_EDGE ; INPUT_EDGE    ;
; Disable setup and hold time violations detection in input registers of bi-directional pins ; Off        ; Off           ;
; Overwrite Waveform Inputs With Simulation Outputs                                          ; Off        ;               ;
; Perform Glitch Filtering in Timing Simulation                                              ; Auto       ; Auto          ;
+--------------------------------------------------------------------------------------------+------------+---------------+


+----------------------+
; Simulation Waveforms ;
+----------------------+
Waveform report data cannot be output to ASCII.
Please use Quartus II to view the waveform report data.


+--------------------------------------------------------------------+
; Coverage Summary                                                   ;
+-----------------------------------------------------+--------------+
; Type                                                ; Value        ;
+-----------------------------------------------------+--------------+
; Total coverage as a percentage                      ;      86.87 % ;
; Total nodes checked                                 ; 199          ;
; Total output ports checked                          ; 198          ;
; Total output ports with complete 1/0-value coverage ; 172          ;
; Total output ports with no 1/0-value coverage       ; 26           ;
; Total output ports with no 1-value coverage         ; 26           ;
; Total output ports with no 0-value coverage         ; 26           ;
+-----------------------------------------------------+--------------+


The following table displays output ports that toggle between 1 and 0 during simulation.
+----------------------------------------------------------------------------------------------------------------------------------------------------------------------------------------+
; Complete 1/0-Value Coverage                                                                                                                                                            ;
+----------------------------------------------------------------------------------+----------------------------------------------------------------------------------+------------------+
; Node Name                                                                        ; Output Port Name                                                                 ; Output Port Type ;
+----------------------------------------------------------------------------------+----------------------------------------------------------------------------------+------------------+
; |TrafficLight|Main_Red                                                           ; |TrafficLight|Main_Red                                                           ; pin_out          ;
; |TrafficLight|inst32                                                             ; |TrafficLight|inst32                                                             ; out0             ;
; |TrafficLight|inst47                                                             ; |TrafficLight|inst47                                                             ; out0             ;
; |TrafficLight|inst7                                                              ; |TrafficLight|inst7                                                              ; out0             ;
; |TrafficLight|CLK                                                                ; |TrafficLight|CLK                                                                ; out              ;
; |TrafficLight|inst16                                                             ; |TrafficLight|inst16                                                             ; out0             ;
; |TrafficLight|inst8                                                              ; |TrafficLight|inst8                                                              ; out0             ;
; |TrafficLight|inst5                                                              ; |TrafficLight|inst5                                                              ; out0             ;
; |TrafficLight|Main_Yellow                                                        ; |TrafficLight|Main_Yellow                                                        ; pin_out          ;
; |TrafficLight|Main_Green                                                         ; |TrafficLight|Main_Green                                                         ; pin_out          ;
; |TrafficLight|Vice_Red                                                           ; |TrafficLight|Vice_Red                                                           ; pin_out          ;
; |TrafficLight|inst33                                                             ; |TrafficLight|inst33                                                             ; out0             ;
; |TrafficLight|Vice_Yellow                                                        ; |TrafficLight|Vice_Yellow                                                        ; pin_out          ;
; |TrafficLight|Vice_Green                                                         ; |TrafficLight|Vice_Green                                                         ; pin_out          ;
; |TrafficLight|1                                                                  ; |TrafficLight|1                                                                  ; pin_out          ;
; |TrafficLight|2                                                                  ; |TrafficLight|2                                                                  ; pin_out          ;
; |TrafficLight|3                                                                  ; |TrafficLight|3                                                                  ; pin_out          ;
; |TrafficLight|5                                                                  ; |TrafficLight|5                                                                  ; pin_out          ;
; |TrafficLight|6                                                                  ; |TrafficLight|6                                                                  ; pin_out          ;
; |TrafficLight|7                                                                  ; |TrafficLight|7                                                                  ; pin_out          ;
; |TrafficLight|8                                                                  ; |TrafficLight|8                                                                  ; pin_out          ;
; |TrafficLight|9                                                                  ; |TrafficLight|9                                                                  ; pin_out          ;
; |TrafficLight|10                                                                 ; |TrafficLight|10                                                                 ; pin_out          ;
; |TrafficLight|11                                                                 ; |TrafficLight|11                                                                 ; pin_out          ;
; |TrafficLight|13                                                                 ; |TrafficLight|13                                                                 ; pin_out          ;
; |TrafficLight|14                                                                 ; |TrafficLight|14                                                                 ; pin_out          ;
; |TrafficLight|15                                                                 ; |TrafficLight|15                                                                 ; pin_out          ;
; |TrafficLight|16                                                                 ; |TrafficLight|16                                                                 ; pin_out          ;
; |TrafficLight|74190:inst37|58                                                    ; |TrafficLight|74190:inst37|58                                                    ; out0             ;
; |TrafficLight|74190:inst37|51                                                    ; |TrafficLight|74190:inst37|51                                                    ; regout           ;
; |TrafficLight|74190:inst37|47                                                    ; |TrafficLight|74190:inst37|47                                                    ; out0             ;
; |TrafficLight|74190:inst37|39                                                    ; |TrafficLight|74190:inst37|39                                                    ; out0             ;
; |TrafficLight|74190:inst37|48                                                    ; |TrafficLight|74190:inst37|48                                                    ; regout           ;
; |TrafficLight|74190:inst37|25                                                    ; |TrafficLight|74190:inst37|25                                                    ; out0             ;
; |TrafficLight|74190:inst37|26                                                    ; |TrafficLight|74190:inst37|26                                                    ; out0             ;
; |TrafficLight|74190:inst37|49                                                    ; |TrafficLight|74190:inst37|49                                                    ; regout           ;
; |TrafficLight|74190:inst37|45                                                    ; |TrafficLight|74190:inst37|45                                                    ; out0             ;
; |TrafficLight|74190:inst37|63                                                    ; |TrafficLight|74190:inst37|63                                                    ; out0             ;
; |TrafficLight|74190:inst37|57                                                    ; |TrafficLight|74190:inst37|57                                                    ; out0             ;
; |TrafficLight|74190:inst37|50                                                    ; |TrafficLight|74190:inst37|50                                                    ; regout           ;
; |TrafficLight|74190:inst37|21                                                    ; |TrafficLight|74190:inst37|21                                                    ; out0             ;
; |TrafficLight|74190:inst37|22                                                    ; |TrafficLight|74190:inst37|22                                                    ; out0             ;
; |TrafficLight|74190:inst37|46                                                    ; |TrafficLight|74190:inst37|46                                                    ; out0             ;
; |TrafficLight|74190:inst37|40                                                    ; |TrafficLight|74190:inst37|40                                                    ; out0             ;
; |TrafficLight|74190:inst37|3                                                     ; |TrafficLight|74190:inst37|3                                                     ; out0             ;
; |TrafficLight|74190:inst36|58                                                    ; |TrafficLight|74190:inst36|58                                                    ; out0             ;
; |TrafficLight|74190:inst36|47                                                    ; |TrafficLight|74190:inst36|47                                                    ; out0             ;
; |TrafficLight|74190:inst36|39                                                    ; |TrafficLight|74190:inst36|39                                                    ; out0             ;
; |TrafficLight|74190:inst36|48                                                    ; |TrafficLight|74190:inst36|48                                                    ; regout           ;
; |TrafficLight|74190:inst36|25                                                    ; |TrafficLight|74190:inst36|25                                                    ; out0             ;
; |TrafficLight|74190:inst36|26                                                    ; |TrafficLight|74190:inst36|26                                                    ; out0             ;
; |TrafficLight|74190:inst36|49                                                    ; |TrafficLight|74190:inst36|49                                                    ; regout           ;
; |TrafficLight|74190:inst36|23                                                    ; |TrafficLight|74190:inst36|23                                                    ; out0             ;
; |TrafficLight|74190:inst36|24                                                    ; |TrafficLight|74190:inst36|24                                                    ; out0             ;
; |TrafficLight|74190:inst36|45                                                    ; |TrafficLight|74190:inst36|45                                                    ; out0             ;
; |TrafficLight|74190:inst36|63                                                    ; |TrafficLight|74190:inst36|63                                                    ; out0             ;
; |TrafficLight|74190:inst36|57                                                    ; |TrafficLight|74190:inst36|57                                                    ; out0             ;
; |TrafficLight|74190:inst36|50                                                    ; |TrafficLight|74190:inst36|50                                                    ; regout           ;
; |TrafficLight|74190:inst36|21                                                    ; |TrafficLight|74190:inst36|21                                                    ; out0             ;
; |TrafficLight|74190:inst36|22                                                    ; |TrafficLight|74190:inst36|22                                                    ; out0             ;
; |TrafficLight|74190:inst36|46                                                    ; |TrafficLight|74190:inst36|46                                                    ; out0             ;
; |TrafficLight|74190:inst36|40                                                    ; |TrafficLight|74190:inst36|40                                                    ; out0             ;
; |TrafficLight|74190:inst36|3                                                     ; |TrafficLight|74190:inst36|3                                                     ; out0             ;
; |TrafficLight|74190:inst35|58                                                    ; |TrafficLight|74190:inst35|58                                                    ; out0             ;
; |TrafficLight|74190:inst35|51                                                    ; |TrafficLight|74190:inst35|51                                                    ; regout           ;
; |TrafficLight|74190:inst35|47                                                    ; |TrafficLight|74190:inst35|47                                                    ; out0             ;
; |TrafficLight|74190:inst35|39                                                    ; |TrafficLight|74190:inst35|39                                                    ; out0             ;
; |TrafficLight|74190:inst35|48                                                    ; |TrafficLight|74190:inst35|48                                                    ; regout           ;
; |TrafficLight|74190:inst35|25                                                    ; |TrafficLight|74190:inst35|25                                                    ; out0             ;
; |TrafficLight|74190:inst35|26                                                    ; |TrafficLight|74190:inst35|26                                                    ; out0             ;
; |TrafficLight|74190:inst35|49                                                    ; |TrafficLight|74190:inst35|49                                                    ; regout           ;
; |TrafficLight|74190:inst35|45                                                    ; |TrafficLight|74190:inst35|45                                                    ; out0             ;
; |TrafficLight|74190:inst35|63                                                    ; |TrafficLight|74190:inst35|63                                                    ; out0             ;
; |TrafficLight|74190:inst35|57                                                    ; |TrafficLight|74190:inst35|57                                                    ; out0             ;
; |TrafficLight|74190:inst35|50                                                    ; |TrafficLight|74190:inst35|50                                                    ; regout           ;
; |TrafficLight|74190:inst35|21                                                    ; |TrafficLight|74190:inst35|21                                                    ; out0             ;
; |TrafficLight|74190:inst35|22                                                    ; |TrafficLight|74190:inst35|22                                                    ; out0             ;
; |TrafficLight|74190:inst35|46                                                    ; |TrafficLight|74190:inst35|46                                                    ; out0             ;
; |TrafficLight|74190:inst35|40                                                    ; |TrafficLight|74190:inst35|40                                                    ; out0             ;
; |TrafficLight|74190:inst35|3                                                     ; |TrafficLight|74190:inst35|3                                                     ; out0             ;
; |TrafficLight|delay:inst|dataout                                                 ; |TrafficLight|delay:inst|dataout                                                 ; regout           ;
; |TrafficLight|delay:inst|ram                                                     ; |TrafficLight|delay:inst|ram                                                     ; regout           ;
; |TrafficLight|74190:inst34|58                                                    ; |TrafficLight|74190:inst34|58                                                    ; out0             ;
; |TrafficLight|74190:inst34|47                                                    ; |TrafficLight|74190:inst34|47                                                    ; out0             ;
; |TrafficLight|74190:inst34|39                                                    ; |TrafficLight|74190:inst34|39                                                    ; out0             ;
; |TrafficLight|74190:inst34|48                                                    ; |TrafficLight|74190:inst34|48                                                    ; regout           ;
; |TrafficLight|74190:inst34|25                                                    ; |TrafficLight|74190:inst34|25                                                    ; out0             ;
; |TrafficLight|74190:inst34|26                                                    ; |TrafficLight|74190:inst34|26                                                    ; out0             ;
; |TrafficLight|74190:inst34|49                                                    ; |TrafficLight|74190:inst34|49                                                    ; regout           ;
; |TrafficLight|74190:inst34|23                                                    ; |TrafficLight|74190:inst34|23                                                    ; out0             ;
; |TrafficLight|74190:inst34|24                                                    ; |TrafficLight|74190:inst34|24                                                    ; out0             ;
; |TrafficLight|74190:inst34|45                                                    ; |TrafficLight|74190:inst34|45                                                    ; out0             ;
; |TrafficLight|74190:inst34|63                                                    ; |TrafficLight|74190:inst34|63                                                    ; out0             ;
; |TrafficLight|74190:inst34|57                                                    ; |TrafficLight|74190:inst34|57                                                    ; out0             ;
; |TrafficLight|74190:inst34|50                                                    ; |TrafficLight|74190:inst34|50                                                    ; regout           ;
; |TrafficLight|74190:inst34|21                                                    ; |TrafficLight|74190:inst34|21                                                    ; out0             ;
; |TrafficLight|74190:inst34|22                                                    ; |TrafficLight|74190:inst34|22                                                    ; out0             ;
; |TrafficLight|74190:inst34|46                                                    ; |TrafficLight|74190:inst34|46                                                    ; out0             ;
; |TrafficLight|74190:inst34|40                                                    ; |TrafficLight|74190:inst34|40                                                    ; out0             ;
; |TrafficLight|74190:inst34|3                                                     ; |TrafficLight|74190:inst34|3                                                     ; out0             ;
; |TrafficLight|74160:inst21|9                                                     ; |TrafficLight|74160:inst21|9                                                     ; regout           ;
; |TrafficLight|74160:inst21|13                                                    ; |TrafficLight|74160:inst21|13                                                    ; out0             ;
; |TrafficLight|74160:inst21|49                                                    ; |TrafficLight|74160:inst21|49                                                    ; out0             ;
; |TrafficLight|74160:inst21|46                                                    ; |TrafficLight|74160:inst21|46                                                    ; out0             ;
; |TrafficLight|74160:inst21|8                                                     ; |TrafficLight|74160:inst21|8                                                     ; regout           ;
; |TrafficLight|74160:inst21|12                                                    ; |TrafficLight|74160:inst21|12                                                    ; out0             ;
; |TrafficLight|74160:inst21|28                                                    ; |TrafficLight|74160:inst21|28                                                    ; out0             ;
; |TrafficLight|74160:inst21|7                                                     ; |TrafficLight|74160:inst21|7                                                     ; regout           ;
; |TrafficLight|74160:inst21|11                                                    ; |TrafficLight|74160:inst21|11                                                    ; out0             ;
; |TrafficLight|74160:inst21|50                                                    ; |TrafficLight|74160:inst21|50                                                    ; out0             ;
; |TrafficLight|decoder:inst1|lpm_mux:Mux3|mux_cfc:auto_generated|_~1              ; |TrafficLight|decoder:inst1|lpm_mux:Mux3|mux_cfc:auto_generated|_~1              ; out0             ;
; |TrafficLight|decoder:inst1|lpm_mux:Mux3|mux_cfc:auto_generated|_~3              ; |TrafficLight|decoder:inst1|lpm_mux:Mux3|mux_cfc:auto_generated|_~3              ; out0             ;
; |TrafficLight|decoder:inst1|lpm_mux:Mux3|mux_cfc:auto_generated|_~5              ; |TrafficLight|decoder:inst1|lpm_mux:Mux3|mux_cfc:auto_generated|_~5              ; out0             ;
; |TrafficLight|decoder:inst1|lpm_mux:Mux3|mux_cfc:auto_generated|_~6              ; |TrafficLight|decoder:inst1|lpm_mux:Mux3|mux_cfc:auto_generated|_~6              ; out0             ;
; |TrafficLight|decoder:inst1|lpm_mux:Mux3|mux_cfc:auto_generated|_~7              ; |TrafficLight|decoder:inst1|lpm_mux:Mux3|mux_cfc:auto_generated|_~7              ; out0             ;
; |TrafficLight|decoder:inst1|lpm_mux:Mux3|mux_cfc:auto_generated|_~8              ; |TrafficLight|decoder:inst1|lpm_mux:Mux3|mux_cfc:auto_generated|_~8              ; out0             ;
; |TrafficLight|decoder:inst1|lpm_mux:Mux3|mux_cfc:auto_generated|_~9              ; |TrafficLight|decoder:inst1|lpm_mux:Mux3|mux_cfc:auto_generated|_~9              ; out0             ;
; |TrafficLight|decoder:inst1|lpm_mux:Mux3|mux_cfc:auto_generated|_~11             ; |TrafficLight|decoder:inst1|lpm_mux:Mux3|mux_cfc:auto_generated|_~11             ; out0             ;
; |TrafficLight|decoder:inst1|lpm_mux:Mux3|mux_cfc:auto_generated|_~13             ; |TrafficLight|decoder:inst1|lpm_mux:Mux3|mux_cfc:auto_generated|_~13             ; out0             ;
; |TrafficLight|decoder:inst1|lpm_mux:Mux3|mux_cfc:auto_generated|_~14             ; |TrafficLight|decoder:inst1|lpm_mux:Mux3|mux_cfc:auto_generated|_~14             ; out0             ;
; |TrafficLight|decoder:inst1|lpm_mux:Mux3|mux_cfc:auto_generated|_~15             ; |TrafficLight|decoder:inst1|lpm_mux:Mux3|mux_cfc:auto_generated|_~15             ; out0             ;
; |TrafficLight|decoder:inst1|lpm_mux:Mux3|mux_cfc:auto_generated|_~16             ; |TrafficLight|decoder:inst1|lpm_mux:Mux3|mux_cfc:auto_generated|_~16             ; out0             ;
; |TrafficLight|decoder:inst1|lpm_mux:Mux3|mux_cfc:auto_generated|result_node[0]~1 ; |TrafficLight|decoder:inst1|lpm_mux:Mux3|mux_cfc:auto_generated|result_node[0]~1 ; out0             ;
; |TrafficLight|decoder:inst1|lpm_mux:Mux3|mux_cfc:auto_generated|result_node[0]   ; |TrafficLight|decoder:inst1|lpm_mux:Mux3|mux_cfc:auto_generated|result_node[0]   ; out0             ;
; |TrafficLight|decoder:inst1|lpm_mux:Mux2|mux_cfc:auto_generated|_~0              ; |TrafficLight|decoder:inst1|lpm_mux:Mux2|mux_cfc:auto_generated|_~0              ; out0             ;
; |TrafficLight|decoder:inst1|lpm_mux:Mux2|mux_cfc:auto_generated|_~1              ; |TrafficLight|decoder:inst1|lpm_mux:Mux2|mux_cfc:auto_generated|_~1              ; out0             ;
; |TrafficLight|decoder:inst1|lpm_mux:Mux2|mux_cfc:auto_generated|_~3              ; |TrafficLight|decoder:inst1|lpm_mux:Mux2|mux_cfc:auto_generated|_~3              ; out0             ;
; |TrafficLight|decoder:inst1|lpm_mux:Mux2|mux_cfc:auto_generated|_~5              ; |TrafficLight|decoder:inst1|lpm_mux:Mux2|mux_cfc:auto_generated|_~5              ; out0             ;
; |TrafficLight|decoder:inst1|lpm_mux:Mux2|mux_cfc:auto_generated|_~6              ; |TrafficLight|decoder:inst1|lpm_mux:Mux2|mux_cfc:auto_generated|_~6              ; out0             ;
; |TrafficLight|decoder:inst1|lpm_mux:Mux2|mux_cfc:auto_generated|_~7              ; |TrafficLight|decoder:inst1|lpm_mux:Mux2|mux_cfc:auto_generated|_~7              ; out0             ;
; |TrafficLight|decoder:inst1|lpm_mux:Mux2|mux_cfc:auto_generated|_~8              ; |TrafficLight|decoder:inst1|lpm_mux:Mux2|mux_cfc:auto_generated|_~8              ; out0             ;
; |TrafficLight|decoder:inst1|lpm_mux:Mux2|mux_cfc:auto_generated|result_node[0]~0 ; |TrafficLight|decoder:inst1|lpm_mux:Mux2|mux_cfc:auto_generated|result_node[0]~0 ; out0             ;
; |TrafficLight|decoder:inst1|lpm_mux:Mux2|mux_cfc:auto_generated|_~9              ; |TrafficLight|decoder:inst1|lpm_mux:Mux2|mux_cfc:auto_generated|_~9              ; out0             ;
; |TrafficLight|decoder:inst1|lpm_mux:Mux2|mux_cfc:auto_generated|_~11             ; |TrafficLight|decoder:inst1|lpm_mux:Mux2|mux_cfc:auto_generated|_~11             ; out0             ;
; |TrafficLight|decoder:inst1|lpm_mux:Mux2|mux_cfc:auto_generated|_~13             ; |TrafficLight|decoder:inst1|lpm_mux:Mux2|mux_cfc:auto_generated|_~13             ; out0             ;
; |TrafficLight|decoder:inst1|lpm_mux:Mux2|mux_cfc:auto_generated|_~14             ; |TrafficLight|decoder:inst1|lpm_mux:Mux2|mux_cfc:auto_generated|_~14             ; out0             ;
; |TrafficLight|decoder:inst1|lpm_mux:Mux2|mux_cfc:auto_generated|_~15             ; |TrafficLight|decoder:inst1|lpm_mux:Mux2|mux_cfc:auto_generated|_~15             ; out0             ;
; |TrafficLight|decoder:inst1|lpm_mux:Mux2|mux_cfc:auto_generated|_~16             ; |TrafficLight|decoder:inst1|lpm_mux:Mux2|mux_cfc:auto_generated|_~16             ; out0             ;
; |TrafficLight|decoder:inst1|lpm_mux:Mux2|mux_cfc:auto_generated|_~17             ; |TrafficLight|decoder:inst1|lpm_mux:Mux2|mux_cfc:auto_generated|_~17             ; out0             ;
; |TrafficLight|decoder:inst1|lpm_mux:Mux2|mux_cfc:auto_generated|result_node[0]   ; |TrafficLight|decoder:inst1|lpm_mux:Mux2|mux_cfc:auto_generated|result_node[0]   ; out0             ;
; |TrafficLight|decoder:inst1|lpm_mux:Mux1|mux_cfc:auto_generated|_~1              ; |TrafficLight|decoder:inst1|lpm_mux:Mux1|mux_cfc:auto_generated|_~1              ; out0             ;
; |TrafficLight|decoder:inst1|lpm_mux:Mux1|mux_cfc:auto_generated|_~3              ; |TrafficLight|decoder:inst1|lpm_mux:Mux1|mux_cfc:auto_generated|_~3              ; out0             ;
; |TrafficLight|decoder:inst1|lpm_mux:Mux1|mux_cfc:auto_generated|_~6              ; |TrafficLight|decoder:inst1|lpm_mux:Mux1|mux_cfc:auto_generated|_~6              ; out0             ;
; |TrafficLight|decoder:inst1|lpm_mux:Mux1|mux_cfc:auto_generated|_~7              ; |TrafficLight|decoder:inst1|lpm_mux:Mux1|mux_cfc:auto_generated|_~7              ; out0             ;
; |TrafficLight|decoder:inst1|lpm_mux:Mux1|mux_cfc:auto_generated|_~8              ; |TrafficLight|decoder:inst1|lpm_mux:Mux1|mux_cfc:auto_generated|_~8              ; out0             ;
; |TrafficLight|decoder:inst1|lpm_mux:Mux1|mux_cfc:auto_generated|_~9              ; |TrafficLight|decoder:inst1|lpm_mux:Mux1|mux_cfc:auto_generated|_~9              ; out0             ;
; |TrafficLight|decoder:inst1|lpm_mux:Mux1|mux_cfc:auto_generated|_~11             ; |TrafficLight|decoder:inst1|lpm_mux:Mux1|mux_cfc:auto_generated|_~11             ; out0             ;
; |TrafficLight|decoder:inst1|lpm_mux:Mux1|mux_cfc:auto_generated|_~14             ; |TrafficLight|decoder:inst1|lpm_mux:Mux1|mux_cfc:auto_generated|_~14             ; out0             ;
; |TrafficLight|decoder:inst1|lpm_mux:Mux1|mux_cfc:auto_generated|_~15             ; |TrafficLight|decoder:inst1|lpm_mux:Mux1|mux_cfc:auto_generated|_~15             ; out0             ;
; |TrafficLight|decoder:inst1|lpm_mux:Mux1|mux_cfc:auto_generated|_~16             ; |TrafficLight|decoder:inst1|lpm_mux:Mux1|mux_cfc:auto_generated|_~16             ; out0             ;
; |TrafficLight|decoder:inst1|lpm_mux:Mux1|mux_cfc:auto_generated|_~17             ; |TrafficLight|decoder:inst1|lpm_mux:Mux1|mux_cfc:auto_generated|_~17             ; out0             ;
; |TrafficLight|decoder:inst1|lpm_mux:Mux1|mux_cfc:auto_generated|result_node[0]~1 ; |TrafficLight|decoder:inst1|lpm_mux:Mux1|mux_cfc:auto_generated|result_node[0]~1 ; out0             ;
; |TrafficLight|decoder:inst1|lpm_mux:Mux1|mux_cfc:auto_generated|result_node[0]   ; |TrafficLight|decoder:inst1|lpm_mux:Mux1|mux_cfc:auto_generated|result_node[0]   ; out0             ;
; |TrafficLight|decoder:inst1|lpm_mux:Mux0|mux_cfc:auto_generated|_~1              ; |TrafficLight|decoder:inst1|lpm_mux:Mux0|mux_cfc:auto_generated|_~1              ; out0             ;
; |TrafficLight|decoder:inst1|lpm_mux:Mux0|mux_cfc:auto_generated|_~2              ; |TrafficLight|decoder:inst1|lpm_mux:Mux0|mux_cfc:auto_generated|_~2              ; out0             ;
; |TrafficLight|decoder:inst1|lpm_mux:Mux0|mux_cfc:auto_generated|_~3              ; |TrafficLight|decoder:inst1|lpm_mux:Mux0|mux_cfc:auto_generated|_~3              ; out0             ;
; |TrafficLight|decoder:inst1|lpm_mux:Mux0|mux_cfc:auto_generated|_~4              ; |TrafficLight|decoder:inst1|lpm_mux:Mux0|mux_cfc:auto_generated|_~4              ; out0             ;
; |TrafficLight|decoder:inst1|lpm_mux:Mux0|mux_cfc:auto_generated|_~5              ; |TrafficLight|decoder:inst1|lpm_mux:Mux0|mux_cfc:auto_generated|_~5              ; out0             ;
; |TrafficLight|decoder:inst1|lpm_mux:Mux0|mux_cfc:auto_generated|_~6              ; |TrafficLight|decoder:inst1|lpm_mux:Mux0|mux_cfc:auto_generated|_~6              ; out0             ;
; |TrafficLight|decoder:inst1|lpm_mux:Mux0|mux_cfc:auto_generated|_~7              ; |TrafficLight|decoder:inst1|lpm_mux:Mux0|mux_cfc:auto_generated|_~7              ; out0             ;
; |TrafficLight|decoder:inst1|lpm_mux:Mux0|mux_cfc:auto_generated|_~8              ; |TrafficLight|decoder:inst1|lpm_mux:Mux0|mux_cfc:auto_generated|_~8              ; out0             ;
; |TrafficLight|decoder:inst1|lpm_mux:Mux0|mux_cfc:auto_generated|_~9              ; |TrafficLight|decoder:inst1|lpm_mux:Mux0|mux_cfc:auto_generated|_~9              ; out0             ;
; |TrafficLight|decoder:inst1|lpm_mux:Mux0|mux_cfc:auto_generated|_~10             ; |TrafficLight|decoder:inst1|lpm_mux:Mux0|mux_cfc:auto_generated|_~10             ; out0             ;
; |TrafficLight|decoder:inst1|lpm_mux:Mux0|mux_cfc:auto_generated|_~11             ; |TrafficLight|decoder:inst1|lpm_mux:Mux0|mux_cfc:auto_generated|_~11             ; out0             ;
; |TrafficLight|decoder:inst1|lpm_mux:Mux0|mux_cfc:auto_generated|_~12             ; |TrafficLight|decoder:inst1|lpm_mux:Mux0|mux_cfc:auto_generated|_~12             ; out0             ;
; |TrafficLight|decoder:inst1|lpm_mux:Mux0|mux_cfc:auto_generated|_~13             ; |TrafficLight|decoder:inst1|lpm_mux:Mux0|mux_cfc:auto_generated|_~13             ; out0             ;
; |TrafficLight|decoder:inst1|lpm_mux:Mux0|mux_cfc:auto_generated|_~14             ; |TrafficLight|decoder:inst1|lpm_mux:Mux0|mux_cfc:auto_generated|_~14             ; out0             ;
; |TrafficLight|decoder:inst1|lpm_mux:Mux0|mux_cfc:auto_generated|_~15             ; |TrafficLight|decoder:inst1|lpm_mux:Mux0|mux_cfc:auto_generated|_~15             ; out0             ;
; |TrafficLight|decoder:inst1|lpm_mux:Mux0|mux_cfc:auto_generated|_~16             ; |TrafficLight|decoder:inst1|lpm_mux:Mux0|mux_cfc:auto_generated|_~16             ; out0             ;
; |TrafficLight|decoder:inst1|lpm_mux:Mux0|mux_cfc:auto_generated|_~17             ; |TrafficLight|decoder:inst1|lpm_mux:Mux0|mux_cfc:auto_generated|_~17             ; out0             ;
; |TrafficLight|decoder:inst1|lpm_mux:Mux0|mux_cfc:auto_generated|result_node[0]~1 ; |TrafficLight|decoder:inst1|lpm_mux:Mux0|mux_cfc:auto_generated|result_node[0]~1 ; out0             ;
; |TrafficLight|decoder:inst1|lpm_mux:Mux0|mux_cfc:auto_generated|result_node[0]   ; |TrafficLight|decoder:inst1|lpm_mux:Mux0|mux_cfc:auto_generated|result_node[0]   ; out0             ;
+----------------------------------------------------------------------------------+----------------------------------------------------------------------------------+------------------+


The following table displays output ports that do not toggle to 1 during simulation.
+----------------------------------------------------------------------------------------------------------------------------------------------------------------------------------------+
; Missing 1-Value Coverage                                                                                                                                                               ;
+----------------------------------------------------------------------------------+----------------------------------------------------------------------------------+------------------+
; Node Name                                                                        ; Output Port Name                                                                 ; Output Port Type ;
+----------------------------------------------------------------------------------+----------------------------------------------------------------------------------+------------------+
; |TrafficLight|4                                                                  ; |TrafficLight|4                                                                  ; pin_out          ;
; |TrafficLight|12                                                                 ; |TrafficLight|12                                                                 ; pin_out          ;
; |TrafficLight|74190:inst36|51                                                    ; |TrafficLight|74190:inst36|51                                                    ; regout           ;
; |TrafficLight|74190:inst34|51                                                    ; |TrafficLight|74190:inst34|51                                                    ; regout           ;
; |TrafficLight|decoder:inst1|lpm_mux:Mux3|mux_cfc:auto_generated|_~0              ; |TrafficLight|decoder:inst1|lpm_mux:Mux3|mux_cfc:auto_generated|_~0              ; out0             ;
; |TrafficLight|decoder:inst1|lpm_mux:Mux3|mux_cfc:auto_generated|_~2              ; |TrafficLight|decoder:inst1|lpm_mux:Mux3|mux_cfc:auto_generated|_~2              ; out0             ;
; |TrafficLight|decoder:inst1|lpm_mux:Mux3|mux_cfc:auto_generated|_~4              ; |TrafficLight|decoder:inst1|lpm_mux:Mux3|mux_cfc:auto_generated|_~4              ; out0             ;
; |TrafficLight|decoder:inst1|lpm_mux:Mux3|mux_cfc:auto_generated|result_node[0]~0 ; |TrafficLight|decoder:inst1|lpm_mux:Mux3|mux_cfc:auto_generated|result_node[0]~0 ; out0             ;
; |TrafficLight|decoder:inst1|lpm_mux:Mux3|mux_cfc:auto_generated|_~10             ; |TrafficLight|decoder:inst1|lpm_mux:Mux3|mux_cfc:auto_generated|_~10             ; out0             ;
; |TrafficLight|decoder:inst1|lpm_mux:Mux3|mux_cfc:auto_generated|_~12             ; |TrafficLight|decoder:inst1|lpm_mux:Mux3|mux_cfc:auto_generated|_~12             ; out0             ;
; |TrafficLight|decoder:inst1|lpm_mux:Mux3|mux_cfc:auto_generated|_~17             ; |TrafficLight|decoder:inst1|lpm_mux:Mux3|mux_cfc:auto_generated|_~17             ; out0             ;
; |TrafficLight|decoder:inst1|lpm_mux:Mux2|mux_cfc:auto_generated|_~2              ; |TrafficLight|decoder:inst1|lpm_mux:Mux2|mux_cfc:auto_generated|_~2              ; out0             ;
; |TrafficLight|decoder:inst1|lpm_mux:Mux2|mux_cfc:auto_generated|_~4              ; |TrafficLight|decoder:inst1|lpm_mux:Mux2|mux_cfc:auto_generated|_~4              ; out0             ;
; |TrafficLight|decoder:inst1|lpm_mux:Mux2|mux_cfc:auto_generated|_~10             ; |TrafficLight|decoder:inst1|lpm_mux:Mux2|mux_cfc:auto_generated|_~10             ; out0             ;
; |TrafficLight|decoder:inst1|lpm_mux:Mux2|mux_cfc:auto_generated|_~12             ; |TrafficLight|decoder:inst1|lpm_mux:Mux2|mux_cfc:auto_generated|_~12             ; out0             ;
; |TrafficLight|decoder:inst1|lpm_mux:Mux2|mux_cfc:auto_generated|result_node[0]~1 ; |TrafficLight|decoder:inst1|lpm_mux:Mux2|mux_cfc:auto_generated|result_node[0]~1 ; out0             ;
; |TrafficLight|decoder:inst1|lpm_mux:Mux1|mux_cfc:auto_generated|_~0              ; |TrafficLight|decoder:inst1|lpm_mux:Mux1|mux_cfc:auto_generated|_~0              ; out0             ;
; |TrafficLight|decoder:inst1|lpm_mux:Mux1|mux_cfc:auto_generated|_~2              ; |TrafficLight|decoder:inst1|lpm_mux:Mux1|mux_cfc:auto_generated|_~2              ; out0             ;
; |TrafficLight|decoder:inst1|lpm_mux:Mux1|mux_cfc:auto_generated|_~4              ; |TrafficLight|decoder:inst1|lpm_mux:Mux1|mux_cfc:auto_generated|_~4              ; out0             ;
; |TrafficLight|decoder:inst1|lpm_mux:Mux1|mux_cfc:auto_generated|_~5              ; |TrafficLight|decoder:inst1|lpm_mux:Mux1|mux_cfc:auto_generated|_~5              ; out0             ;
; |TrafficLight|decoder:inst1|lpm_mux:Mux1|mux_cfc:auto_generated|result_node[0]~0 ; |TrafficLight|decoder:inst1|lpm_mux:Mux1|mux_cfc:auto_generated|result_node[0]~0 ; out0             ;
; |TrafficLight|decoder:inst1|lpm_mux:Mux1|mux_cfc:auto_generated|_~10             ; |TrafficLight|decoder:inst1|lpm_mux:Mux1|mux_cfc:auto_generated|_~10             ; out0             ;
; |TrafficLight|decoder:inst1|lpm_mux:Mux1|mux_cfc:auto_generated|_~12             ; |TrafficLight|decoder:inst1|lpm_mux:Mux1|mux_cfc:auto_generated|_~12             ; out0             ;
; |TrafficLight|decoder:inst1|lpm_mux:Mux1|mux_cfc:auto_generated|_~13             ; |TrafficLight|decoder:inst1|lpm_mux:Mux1|mux_cfc:auto_generated|_~13             ; out0             ;
; |TrafficLight|decoder:inst1|lpm_mux:Mux0|mux_cfc:auto_generated|_~0              ; |TrafficLight|decoder:inst1|lpm_mux:Mux0|mux_cfc:auto_generated|_~0              ; out0             ;
; |TrafficLight|decoder:inst1|lpm_mux:Mux0|mux_cfc:auto_generated|result_node[0]~0 ; |TrafficLight|decoder:inst1|lpm_mux:Mux0|mux_cfc:auto_generated|result_node[0]~0 ; out0             ;
+----------------------------------------------------------------------------------+----------------------------------------------------------------------------------+------------------+


The following table displays output ports that do not toggle to 0 during simulation.
+----------------------------------------------------------------------------------------------------------------------------------------------------------------------------------------+
; Missing 0-Value Coverage                                                                                                                                                               ;
+----------------------------------------------------------------------------------+----------------------------------------------------------------------------------+------------------+
; Node Name                                                                        ; Output Port Name                                                                 ; Output Port Type ;
+----------------------------------------------------------------------------------+----------------------------------------------------------------------------------+------------------+
; |TrafficLight|4                                                                  ; |TrafficLight|4                                                                  ; pin_out          ;
; |TrafficLight|12                                                                 ; |TrafficLight|12                                                                 ; pin_out          ;
; |TrafficLight|74190:inst36|51                                                    ; |TrafficLight|74190:inst36|51                                                    ; regout           ;
; |TrafficLight|74190:inst34|51                                                    ; |TrafficLight|74190:inst34|51                                                    ; regout           ;
; |TrafficLight|decoder:inst1|lpm_mux:Mux3|mux_cfc:auto_generated|_~0              ; |TrafficLight|decoder:inst1|lpm_mux:Mux3|mux_cfc:auto_generated|_~0              ; out0             ;
; |TrafficLight|decoder:inst1|lpm_mux:Mux3|mux_cfc:auto_generated|_~2              ; |TrafficLight|decoder:inst1|lpm_mux:Mux3|mux_cfc:auto_generated|_~2              ; out0             ;
; |TrafficLight|decoder:inst1|lpm_mux:Mux3|mux_cfc:auto_generated|_~4              ; |TrafficLight|decoder:inst1|lpm_mux:Mux3|mux_cfc:auto_generated|_~4              ; out0             ;
; |TrafficLight|decoder:inst1|lpm_mux:Mux3|mux_cfc:auto_generated|result_node[0]~0 ; |TrafficLight|decoder:inst1|lpm_mux:Mux3|mux_cfc:auto_generated|result_node[0]~0 ; out0             ;
; |TrafficLight|decoder:inst1|lpm_mux:Mux3|mux_cfc:auto_generated|_~10             ; |TrafficLight|decoder:inst1|lpm_mux:Mux3|mux_cfc:auto_generated|_~10             ; out0             ;
; |TrafficLight|decoder:inst1|lpm_mux:Mux3|mux_cfc:auto_generated|_~12             ; |TrafficLight|decoder:inst1|lpm_mux:Mux3|mux_cfc:auto_generated|_~12             ; out0             ;
; |TrafficLight|decoder:inst1|lpm_mux:Mux3|mux_cfc:auto_generated|_~17             ; |TrafficLight|decoder:inst1|lpm_mux:Mux3|mux_cfc:auto_generated|_~17             ; out0             ;
; |TrafficLight|decoder:inst1|lpm_mux:Mux2|mux_cfc:auto_generated|_~2              ; |TrafficLight|decoder:inst1|lpm_mux:Mux2|mux_cfc:auto_generated|_~2              ; out0             ;
; |TrafficLight|decoder:inst1|lpm_mux:Mux2|mux_cfc:auto_generated|_~4              ; |TrafficLight|decoder:inst1|lpm_mux:Mux2|mux_cfc:auto_generated|_~4              ; out0             ;
; |TrafficLight|decoder:inst1|lpm_mux:Mux2|mux_cfc:auto_generated|_~10             ; |TrafficLight|decoder:inst1|lpm_mux:Mux2|mux_cfc:auto_generated|_~10             ; out0             ;
; |TrafficLight|decoder:inst1|lpm_mux:Mux2|mux_cfc:auto_generated|_~12             ; |TrafficLight|decoder:inst1|lpm_mux:Mux2|mux_cfc:auto_generated|_~12             ; out0             ;
; |TrafficLight|decoder:inst1|lpm_mux:Mux2|mux_cfc:auto_generated|result_node[0]~1 ; |TrafficLight|decoder:inst1|lpm_mux:Mux2|mux_cfc:auto_generated|result_node[0]~1 ; out0             ;
; |TrafficLight|decoder:inst1|lpm_mux:Mux1|mux_cfc:auto_generated|_~0              ; |TrafficLight|decoder:inst1|lpm_mux:Mux1|mux_cfc:auto_generated|_~0              ; out0             ;
; |TrafficLight|decoder:inst1|lpm_mux:Mux1|mux_cfc:auto_generated|_~2              ; |TrafficLight|decoder:inst1|lpm_mux:Mux1|mux_cfc:auto_generated|_~2              ; out0             ;
; |TrafficLight|decoder:inst1|lpm_mux:Mux1|mux_cfc:auto_generated|_~4              ; |TrafficLight|decoder:inst1|lpm_mux:Mux1|mux_cfc:auto_generated|_~4              ; out0             ;
; |TrafficLight|decoder:inst1|lpm_mux:Mux1|mux_cfc:auto_generated|_~5              ; |TrafficLight|decoder:inst1|lpm_mux:Mux1|mux_cfc:auto_generated|_~5              ; out0             ;
; |TrafficLight|decoder:inst1|lpm_mux:Mux1|mux_cfc:auto_generated|result_node[0]~0 ; |TrafficLight|decoder:inst1|lpm_mux:Mux1|mux_cfc:auto_generated|result_node[0]~0 ; out0             ;
; |TrafficLight|decoder:inst1|lpm_mux:Mux1|mux_cfc:auto_generated|_~10             ; |TrafficLight|decoder:inst1|lpm_mux:Mux1|mux_cfc:auto_generated|_~10             ; out0             ;
; |TrafficLight|decoder:inst1|lpm_mux:Mux1|mux_cfc:auto_generated|_~12             ; |TrafficLight|decoder:inst1|lpm_mux:Mux1|mux_cfc:auto_generated|_~12             ; out0             ;
; |TrafficLight|decoder:inst1|lpm_mux:Mux1|mux_cfc:auto_generated|_~13             ; |TrafficLight|decoder:inst1|lpm_mux:Mux1|mux_cfc:auto_generated|_~13             ; out0             ;
; |TrafficLight|decoder:inst1|lpm_mux:Mux0|mux_cfc:auto_generated|_~0              ; |TrafficLight|decoder:inst1|lpm_mux:Mux0|mux_cfc:auto_generated|_~0              ; out0             ;
; |TrafficLight|decoder:inst1|lpm_mux:Mux0|mux_cfc:auto_generated|result_node[0]~0 ; |TrafficLight|decoder:inst1|lpm_mux:Mux0|mux_cfc:auto_generated|result_node[0]~0 ; out0             ;
+----------------------------------------------------------------------------------+----------------------------------------------------------------------------------+------------------+


+---------------------+
; Simulator INI Usage ;
+--------+------------+
; Option ; Usage      ;
+--------+------------+


+--------------------+
; Simulator Messages ;
+--------------------+
Info: *******************************************************************
Info: Running Quartus II Simulator
    Info: Version 9.0 Build 132 02/25/2009 SJ Full Version
    Info: Processing started: Tue Sep 08 19:58:35 2020
Info: Command: quartus_sim --read_settings_files=on --write_settings_files=off TrafficLight -c TrafficLight
Info: Using vector source file "F:/VHDL/ClassDesign2/TrafficLight.vwf"
Info: Option to preserve fewer signal transitions to reduce memory requirements is enabled
    Info: Simulation has been partitioned into sub-simulations according to the maximum transition count determined by the engine. Transitions from memory will be flushed out to disk at the end of each sub-simulation to reduce memory requirements.
Warning: Found clock-sensitive change during active clock edge at time 940.0 ns on register "|TrafficLight|delay:inst|ram"
Info: Simulation partitioned into 1 sub-simulations
Info: Simulation coverage is      86.87 %
Info: Number of transitions in simulation is 1289998
Info: Quartus II Simulator was successful. 0 errors, 1 warning
    Info: Peak virtual memory: 167 megabytes
    Info: Processing ended: Tue Sep 08 19:58:38 2020
    Info: Elapsed time: 00:00:03
    Info: Total CPU time (on all processors): 00:00:03


