Analysis & Synthesis report for TrafficLight
Tue Sep 08 19:47:30 2020
Quartus II Version 9.0 Build 132 02/25/2009 SJ Full Version


---------------------
; Table of Contents ;
---------------------
  1. Legal Notice
  2. Analysis & Synthesis Summary
  3. Analysis & Synthesis Settings
  4. Analysis & Synthesis Source Files Read
  5. Analysis & Synthesis Resource Usage Summary
  6. Analysis & Synthesis Resource Utilization by Entity
  7. General Register Statistics
  8. Analysis & Synthesis Messages



----------------
; Legal Notice ;
----------------
Copyright (C) 1991-2009 Altera Corporation
Your use of Altera Corporation's design tools, logic functions 
and other software and tools, and its AMPP partner logic 
functions, and any output files from any of the foregoing 
(including device programming or simulation files), and any 
associated documentation or information are expressly subject 
to the terms and conditions of the Altera Program License 
Subscription Agreement, Altera MegaCore Function License 
Agreement, or other applicable license agreement, including, 
without limitation, that your use is for the sole purpose of 
programming logic devices manufactured by Altera and sold by 
Altera or its authorized distributors.  Please refer to the 
applicable agreement for further details.



+------------------------------------------------------------------------+
; Analysis & Synthesis Summary                                           ;
+-----------------------------+------------------------------------------+
; Analysis & Synthesis Status ; Successful - Tue Sep 08 19:47:30 2020    ;
; Quartus II Version          ; 9.0 Build 132 02/25/2009 SJ Full Version ;
; Revision Name               ; TrafficLight                             ;
; Top-level Entity Name       ; TrafficLight                             ;
; Family                      ; Cyclone                                  ;
; Total logic elements        ; 41                                       ;
; Total pins                  ; 23                                       ;
; Total virtual pins          ; 0                                        ;
; Total memory bits           ; 0                                        ;
; Total PLLs                  ; 0                                        ;
+-----------------------------+------------------------------------------+


+----------------------------------------------------------------------------------------------------------+
; Analysis & Synthesis Settings                                                                            ;
+----------------------------------------------------------------+--------------------+--------------------+
; Option                                                         ; Setting            ; Default Value      ;
+----------------------------------------------------------------+--------------------+--------------------+
; Device                                                         ; EP1C12Q240C8       ;                    ;
; Top-level entity name                                          ; TrafficLight       ; TrafficLight       ;
; Family name                                                    ; Cyclone            ; Stratix II         ;
; Use Generated Physical Constraints File                        ; Off                ;                    ;
; Use smart compilation                                          ; Off                ; Off                ;
; Restructure Multiplexers                                       ; Auto               ; Auto               ;
; Create Debugging Nodes for IP Cores                            ; Off                ; Off                ;
; Preserve fewer node names                                      ; On                 ; On                 ;
; Disable OpenCore Plus hardware evaluation                      ; Off                ; Off                ;
; Verilog Version                                                ; Verilog_2001       ; Verilog_2001       ;
; VHDL Version                                                   ; VHDL93             ; VHDL93             ;
; State Machine Processing                                       ; Auto               ; Auto               ;
; Safe State Machine                                             ; Off                ; Off                ;
; Extract Verilog State Machines                                 ; On                 ; On                 ;
; Extract VHDL State Machines                                    ; On                 ; On                 ;
; Ignore Verilog initial constructs                              ; Off                ; Off                ;
; Iteration limit for constant Verilog loops                     ; 5000               ; 5000               ;
; Iteration limit for non-constant Verilog loops                 ; 250                ; 250                ;
; Add Pass-Through Logic to Inferred RAMs                        ; On                 ; On                 ;
; Parallel Synthesis                                             ; Off                ; Off                ;
; NOT Gate Push-Back                                             ; On                 ; On                 ;
; Power-Up Don't Care                                            ; On                 ; On                 ;
; Remove Redundant Logic Cells                                   ; Off                ; Off                ;
; Remove Duplicate Registers                                     ; On                 ; On                 ;
; Ignore CARRY Buffers                                           ; Off                ; Off                ;
; Ignore CASCADE Buffers                                         ; Off                ; Off                ;
; Ignore GLOBAL Buffers                                          ; Off                ; Off                ;
; Ignore ROW GLOBAL Buffers                                      ; Off                ; Off                ;
; Ignore LCELL Buffers                                           ; Off                ; Off                ;
; Ignore SOFT Buffers                                            ; On                 ; On                 ;
; Limit AHDL Integers to 32 Bits                                 ; Off                ; Off                ;
; Optimization Technique                                         ; Balanced           ; Balanced           ;
; Carry Chain Length                                             ; 70                 ; 70                 ;
; Auto Carry Chains                                              ; On                 ; On                 ;
; Auto Open-Drain Pins                                           ; On                 ; On                 ;
; Perform WYSIWYG Primitive Resynthesis                          ; Off                ; Off                ;
; Auto ROM Replacement                                           ; On                 ; On                 ;
; Auto RAM Replacement                                           ; On                 ; On                 ;
; Auto Shift Register Replacement                                ; Auto               ; Auto               ;
; Auto Clock Enable Replacement                                  ; On                 ; On                 ;
; Strict RAM Replacement                                         ; Off                ; Off                ;
; Allow Synchronous Control Signals                              ; On                 ; On                 ;
; Force Use of Synchronous Clear Signals                         ; Off                ; Off                ;
; Auto RAM Block Balancing                                       ; On                 ; On                 ;
; Auto RAM to Logic Cell Conversion                              ; Off                ; Off                ;
; Auto Resource Sharing                                          ; Off                ; Off                ;
; Allow Any RAM Size For Recognition                             ; Off                ; Off                ;
; Allow Any ROM Size For Recognition                             ; Off                ; Off                ;
; Allow Any Shift Register Size For Recognition                  ; Off                ; Off                ;
; Use LogicLock Constraints during Resource Balancing            ; On                 ; On                 ;
; Ignore translate_off and synthesis_off directives              ; Off                ; Off                ;
; Show Parameter Settings Tables in Synthesis Report             ; On                 ; On                 ;
; Ignore Maximum Fan-Out Assignments                             ; Off                ; Off                ;
; Synchronization Register Chain Length                          ; 2                  ; 2                  ;
; PowerPlay Power Optimization                                   ; Normal compilation ; Normal compilation ;
; HDL message level                                              ; Level2             ; Level2             ;
; Suppress Register Optimization Related Messages                ; Off                ; Off                ;
; Number of Removed Registers Reported in Synthesis Report       ; 100                ; 100                ;
; Number of Inverted Registers Reported in Synthesis Report      ; 100                ; 100                ;
; Clock MUX Protection                                           ; On                 ; On                 ;
; Block Design Naming                                            ; Auto               ; Auto               ;
; Synthesis Effort                                               ; Auto               ; Auto               ;
; Allows Asynchronous Clear Usage For Shift Register Replacement ; On                 ; On                 ;
; Analysis & Synthesis Message Level                             ; Medium             ; Medium             ;
+----------------------------------------------------------------+--------------------+--------------------+


+----------------------------------------------------------------------------------------------------------------------------------------------------------------+
; Analysis & Synthesis Source Files Read                                                                                                                         ;
+----------------------------------+-----------------+------------------------------------+----------------------------------------------------------------------+
; File Name with User-Entered Path ; Used in Netlist ; File Type                          ; File Name with Absolute Path                                         ;
+----------------------------------+-----------------+------------------------------------+----------------------------------------------------------------------+
; TrafficLight.bdf                 ; yes             ; User Block Diagram/Schematic File  ; F:/VHDL/ClassDesign2/TrafficLight.bdf                                ;
; delay.vhd                        ; yes             ; User VHDL File                     ; F:/VHDL/ClassDesign2/delay.vhd                                       ;
; 24decoder.vhd                    ; yes             ; User VHDL File                     ; F:/VHDL/ClassDesign2/24decoder.vhd                                   ;
; 74160.bdf                        ; yes             ; Megafunction                       ; d:/program files/quartus/quartus/libraries/others/maxplus2/74160.bdf ;
; 74190.bdf                        ; yes             ; Megafunction                       ; d:/program files/quartus/quartus/libraries/others/maxplus2/74190.bdf ;
+----------------------------------+-----------------+------------------------------------+----------------------------------------------------------------------+


+------------------------------------------------------------------+
; Analysis & Synthesis Resource Usage Summary                      ;
+---------------------------------------------+--------------------+
; Resource                                    ; Usage              ;
+---------------------------------------------+--------------------+
; Total logic elements                        ; 41                 ;
;     -- Combinational with no register       ; 19                 ;
;     -- Register only                        ; 5                  ;
;     -- Combinational with a register        ; 17                 ;
;                                             ;                    ;
; Logic element usage by number of LUT inputs ;                    ;
;     -- 4 input functions                    ; 18                 ;
;     -- 3 input functions                    ; 2                  ;
;     -- 2 input functions                    ; 7                  ;
;     -- 1 input functions                    ; 9                  ;
;     -- 0 input functions                    ; 0                  ;
;                                             ;                    ;
; Logic elements by mode                      ;                    ;
;     -- normal mode                          ; 41                 ;
;     -- arithmetic mode                      ; 0                  ;
;     -- qfbk mode                            ; 0                  ;
;     -- register cascade mode                ; 0                  ;
;     -- synchronous clear/load mode          ; 0                  ;
;     -- asynchronous clear/load mode         ; 16                 ;
;                                             ;                    ;
; Total registers                             ; 22                 ;
; I/O pins                                    ; 23                 ;
; Maximum fan-out node                        ; delay:inst|dataout ;
; Maximum fan-out                             ; 16                 ;
; Total fan-out                               ; 176                ;
; Average fan-out                             ; 2.75               ;
+---------------------------------------------+--------------------+


+-------------------------------------------------------------------------------------------------------------------------------------------------------------------------------------------------------------------------------+
; Analysis & Synthesis Resource Utilization by Entity                                                                                                                                                                           ;
+----------------------------+-------------+--------------+-------------+------+--------------+--------------+-------------------+------------------+-----------------+------------+-----------------------------+--------------+
; Compilation Hierarchy Node ; Logic Cells ; LC Registers ; Memory Bits ; Pins ; Virtual Pins ; LUT-Only LCs ; Register-Only LCs ; LUT/Register LCs ; Carry Chain LCs ; Packed LCs ; Full Hierarchy Name         ; Library Name ;
+----------------------------+-------------+--------------+-------------+------+--------------+--------------+-------------------+------------------+-----------------+------------+-----------------------------+--------------+
; |TrafficLight              ; 41 (4)      ; 22           ; 0           ; 23   ; 0            ; 19 (4)       ; 5 (0)             ; 17 (0)           ; 0 (0)           ; 0 (0)      ; |TrafficLight               ; work         ;
;    |74160:inst21|          ; 4 (4)       ; 4            ; 0           ; 0    ; 0            ; 0 (0)        ; 0 (0)             ; 4 (4)            ; 0 (0)           ; 0 (0)      ; |TrafficLight|74160:inst21  ; work         ;
;    |74190:inst34|          ; 6 (6)       ; 4            ; 0           ; 0    ; 0            ; 2 (2)        ; 1 (1)             ; 3 (3)            ; 0 (0)           ; 0 (0)      ; |TrafficLight|74190:inst34  ; work         ;
;    |74190:inst35|          ; 7 (7)       ; 4            ; 0           ; 0    ; 0            ; 3 (3)        ; 1 (1)             ; 3 (3)            ; 0 (0)           ; 0 (0)      ; |TrafficLight|74190:inst35  ; work         ;
;    |74190:inst36|          ; 6 (6)       ; 4            ; 0           ; 0    ; 0            ; 2 (2)        ; 1 (1)             ; 3 (3)            ; 0 (0)           ; 0 (0)      ; |TrafficLight|74190:inst36  ; work         ;
;    |74190:inst37|          ; 7 (7)       ; 4            ; 0           ; 0    ; 0            ; 3 (3)        ; 1 (1)             ; 3 (3)            ; 0 (0)           ; 0 (0)      ; |TrafficLight|74190:inst37  ; work         ;
;    |decoder:inst1|         ; 5 (5)       ; 0            ; 0           ; 0    ; 0            ; 5 (5)        ; 0 (0)             ; 0 (0)            ; 0 (0)           ; 0 (0)      ; |TrafficLight|decoder:inst1 ; work         ;
;    |delay:inst|            ; 2 (2)       ; 2            ; 0           ; 0    ; 0            ; 0 (0)        ; 1 (1)             ; 1 (1)            ; 0 (0)           ; 0 (0)      ; |TrafficLight|delay:inst    ; work         ;
+----------------------------+-------------+--------------+-------------+------+--------------+--------------+-------------------+------------------+-----------------+------------+-----------------------------+--------------+
Note: For table entries with two numbers listed, the numbers in parentheses indicate the number of resources of the given type used by the specific entity alone. The numbers listed outside of parentheses indicate the total resources of the given type used by the specific entity and all of its sub-entities in the hierarchy.


+------------------------------------------------------+
; General Register Statistics                          ;
+----------------------------------------------+-------+
; Statistic                                    ; Value ;
+----------------------------------------------+-------+
; Total registers                              ; 22    ;
; Number of registers using Synchronous Clear  ; 0     ;
; Number of registers using Synchronous Load   ; 0     ;
; Number of registers using Asynchronous Clear ; 6     ;
; Number of registers using Asynchronous Load  ; 10    ;
; Number of registers using Clock Enable       ; 0     ;
; Number of registers using Preset             ; 0     ;
+----------------------------------------------+-------+


+-------------------------------+
; Analysis & Synthesis Messages ;
+-------------------------------+
Info: *******************************************************************
Info: Running Quartus II Analysis & Synthesis
    Info: Version 9.0 Build 132 02/25/2009 SJ Full Version
    Info: Processing started: Tue Sep 08 19:47:28 2020
Info: Command: quartus_map --read_settings_files=on --write_settings_files=off TrafficLight -c TrafficLight
Info: Found 1 design units, including 1 entities, in source file TrafficLight.bdf
    Info: Found entity 1: TrafficLight
Info: Found 2 design units, including 1 entities, in source file delay.vhd
    Info: Found design unit 1: delay-main
    Info: Found entity 1: delay
Info: Found 2 design units, including 1 entities, in source file 24decoder.vhd
    Info: Found design unit 1: decoder-main
    Info: Found entity 1: decoder
Info: Elaborating entity "TrafficLight" for the top level hierarchy
Warning: Block or symbol "74190" of instance "inst37" overlaps another block or symbol
Warning: Block or symbol "OR3" of instance "inst16" overlaps another block or symbol
Info: Elaborating entity "decoder" for hierarchy "decoder:inst1"
Warning (10492): VHDL Process Statement warning at 24decoder.vhd(26): signal "output" is read inside the Process Statement but isn't in the Process Statement's sensitivity list
Warning (10492): VHDL Process Statement warning at 24decoder.vhd(27): signal "output" is read inside the Process Statement but isn't in the Process Statement's sensitivity list
Warning (10492): VHDL Process Statement warning at 24decoder.vhd(28): signal "output" is read inside the Process Statement but isn't in the Process Statement's sensitivity list
Warning (10492): VHDL Process Statement warning at 24decoder.vhd(29): signal "output" is read inside the Process Statement but isn't in the Process Statement's sensitivity list
Info: Elaborating entity "74160" for hierarchy "74160:inst21"
Info: Elaborated megafunction instantiation "74160:inst21"
Info: Elaborating entity "74190" for hierarchy "74190:inst34"
Info: Elaborated megafunction instantiation "74190:inst34"
Info: Elaborating entity "delay" for hierarchy "delay:inst"
Warning (10036): Verilog HDL or VHDL warning at delay.vhd(15): object "clk_sig" assigned a value but never read
Info: Implemented 64 device resources after synthesis - the final resource count might be different
    Info: Implemented 1 input pins
    Info: Implemented 22 output pins
    Info: Implemented 41 logic cells
Info: Quartus II Analysis & Synthesis was successful. 0 errors, 7 warnings
    Info: Peak virtual memory: 255 megabytes
    Info: Processing ended: Tue Sep 08 19:47:30 2020
    Info: Elapsed time: 00:00:02
    Info: Total CPU time (on all processors): 00:00:01


